[debug] [2025-03-04T11:15:53.468Z] ----------------------------------------------------------------------
[debug] [2025-03-04T11:15:53.470Z] Command:       /Users/Tsp33786/.nvm/versions/node/v18.14.2/bin/node /Users/Tsp33786/.nvm/versions/node/v18.14.2/bin/firebase deploy
[debug] [2025-03-04T11:15:53.471Z] CLI Version:   13.29.1
[debug] [2025-03-04T11:15:53.471Z] Platform:      darwin
[debug] [2025-03-04T11:15:53.471Z] Node Version:  v18.14.2
[debug] [2025-03-04T11:15:53.472Z] Time:          Tue Mar 04 2025 20:15:53 GMT+0900 (日本標準時)
[debug] [2025-03-04T11:15:53.472Z] ----------------------------------------------------------------------
[debug] 
[debug] [2025-03-04T11:15:53.621Z] > command requires scopes: ["email","openid","https://www.googleapis.com/auth/cloudplatformprojects.readonly","https://www.googleapis.com/auth/firebase","https://www.googleapis.com/auth/cloud-platform"]
[debug] [2025-03-04T11:15:53.621Z] > authorizing via signed-in user (vasto.mar3xc@gmail.com)
[debug] [2025-03-04T11:15:53.621Z] [iam] checking project reminder3-65e84 for permissions ["cloudfunctions.functions.create","cloudfunctions.functions.delete","cloudfunctions.functions.get","cloudfunctions.functions.list","cloudfunctions.functions.update","cloudfunctions.operations.get","datastore.indexes.create","datastore.indexes.delete","datastore.indexes.list","datastore.indexes.update","firebase.projects.get","firebasedatabase.instances.update","firebasehosting.sites.update","firebaserules.releases.create","firebaserules.releases.update","firebaserules.rulesets.create"]
[debug] [2025-03-04T11:15:53.623Z] Checked if tokens are valid: true, expires at: 1741089215647
[debug] [2025-03-04T11:15:53.623Z] Checked if tokens are valid: true, expires at: 1741089215647
[debug] [2025-03-04T11:15:53.624Z] >>> [apiv2][query] POST https://cloudresourcemanager.googleapis.com/v1/projects/reminder3-65e84:testIamPermissions [none]
[debug] [2025-03-04T11:15:53.624Z] >>> [apiv2][(partial)header] POST https://cloudresourcemanager.googleapis.com/v1/projects/reminder3-65e84:testIamPermissions x-goog-quota-user=projects/reminder3-65e84
[debug] [2025-03-04T11:15:53.624Z] >>> [apiv2][body] POST https://cloudresourcemanager.googleapis.com/v1/projects/reminder3-65e84:testIamPermissions {"permissions":["cloudfunctions.functions.create","cloudfunctions.functions.delete","cloudfunctions.functions.get","cloudfunctions.functions.list","cloudfunctions.functions.update","cloudfunctions.operations.get","datastore.indexes.create","datastore.indexes.delete","datastore.indexes.list","datastore.indexes.update","firebase.projects.get","firebasedatabase.instances.update","firebasehosting.sites.update","firebaserules.releases.create","firebaserules.releases.update","firebaserules.rulesets.create"]}
[debug] [2025-03-04T11:15:54.397Z] <<< [apiv2][status] POST https://cloudresourcemanager.googleapis.com/v1/projects/reminder3-65e84:testIamPermissions 200
[debug] [2025-03-04T11:15:54.397Z] <<< [apiv2][body] POST https://cloudresourcemanager.googleapis.com/v1/projects/reminder3-65e84:testIamPermissions {"permissions":["cloudfunctions.functions.create","cloudfunctions.functions.delete","cloudfunctions.functions.get","cloudfunctions.functions.list","cloudfunctions.functions.update","cloudfunctions.operations.get","datastore.indexes.create","datastore.indexes.delete","datastore.indexes.list","datastore.indexes.update","firebase.projects.get","firebasedatabase.instances.update","firebasehosting.sites.update","firebaserules.releases.create","firebaserules.releases.update","firebaserules.rulesets.create"]}
[debug] [2025-03-04T11:15:54.398Z] Checked if tokens are valid: true, expires at: 1741089215647
[debug] [2025-03-04T11:15:54.398Z] Checked if tokens are valid: true, expires at: 1741089215647
[debug] [2025-03-04T11:15:54.398Z] >>> [apiv2][query] POST https://iam.googleapis.com/v1/projects/reminder3-65e84/serviceAccounts/reminder3-65e84@appspot.gserviceaccount.com:testIamPermissions [none]
[debug] [2025-03-04T11:15:54.398Z] >>> [apiv2][body] POST https://iam.googleapis.com/v1/projects/reminder3-65e84/serviceAccounts/reminder3-65e84@appspot.gserviceaccount.com:testIamPermissions {"permissions":["iam.serviceAccounts.actAs"]}
[debug] [2025-03-04T11:15:54.737Z] <<< [apiv2][status] POST https://iam.googleapis.com/v1/projects/reminder3-65e84/serviceAccounts/reminder3-65e84@appspot.gserviceaccount.com:testIamPermissions 200
[debug] [2025-03-04T11:15:54.737Z] <<< [apiv2][body] POST https://iam.googleapis.com/v1/projects/reminder3-65e84/serviceAccounts/reminder3-65e84@appspot.gserviceaccount.com:testIamPermissions {"permissions":["iam.serviceAccounts.actAs"]}
[debug] [2025-03-04T11:15:54.737Z] Checked if tokens are valid: true, expires at: 1741089215647
[debug] [2025-03-04T11:15:54.737Z] Checked if tokens are valid: true, expires at: 1741089215647
[debug] [2025-03-04T11:15:54.738Z] >>> [apiv2][query] GET https://firebase.googleapis.com/v1beta1/projects/reminder3-65e84 [none]
[debug] [2025-03-04T11:15:55.123Z] <<< [apiv2][status] GET https://firebase.googleapis.com/v1beta1/projects/reminder3-65e84 200
[debug] [2025-03-04T11:15:55.123Z] <<< [apiv2][body] GET https://firebase.googleapis.com/v1beta1/projects/reminder3-65e84 {"projectId":"reminder3-65e84","projectNumber":"280162142902","displayName":"reminder3","name":"projects/reminder3-65e84","resources":{"hostingSite":"reminder3-65e84","realtimeDatabaseInstance":"reminder3-65e84-default-rtdb"},"state":"ACTIVE","etag":"1_7bfc62d7-af4c-4058-8ff2-93acbfb99c39"}
[debug] [2025-03-04T11:15:55.124Z] Checked if tokens are valid: true, expires at: 1741089215647
[debug] [2025-03-04T11:15:55.124Z] Checked if tokens are valid: true, expires at: 1741089215647
[debug] [2025-03-04T11:15:55.124Z] >>> [apiv2][query] GET https://firebase.googleapis.com/v1beta1/projects/reminder3-65e84 [none]
[debug] [2025-03-04T11:15:55.457Z] <<< [apiv2][status] GET https://firebase.googleapis.com/v1beta1/projects/reminder3-65e84 200
[debug] [2025-03-04T11:15:55.457Z] <<< [apiv2][body] GET https://firebase.googleapis.com/v1beta1/projects/reminder3-65e84 {"projectId":"reminder3-65e84","projectNumber":"280162142902","displayName":"reminder3","name":"projects/reminder3-65e84","resources":{"hostingSite":"reminder3-65e84","realtimeDatabaseInstance":"reminder3-65e84-default-rtdb"},"state":"ACTIVE","etag":"1_7bfc62d7-af4c-4058-8ff2-93acbfb99c39"}
[info] 
[info] === Deploying to 'reminder3-65e84'...
[info] 
[info] i  deploying database, storage, firestore, functions, hosting 
[info] i  database: checking rules syntax... 
[debug] [2025-03-04T11:15:55.478Z] Checked if tokens are valid: true, expires at: 1741089215647
[debug] [2025-03-04T11:15:55.479Z] Checked if tokens are valid: true, expires at: 1741089215647
[debug] [2025-03-04T11:15:55.479Z] >>> [apiv2][query] GET https://firebasedatabase.googleapis.com/v1beta/projects/reminder3-65e84/locations/-/instances/reminder3-65e84-default-rtdb [none]
[debug] [2025-03-04T11:15:56.605Z] <<< [apiv2][status] GET https://firebasedatabase.googleapis.com/v1beta/projects/reminder3-65e84/locations/-/instances/reminder3-65e84-default-rtdb 200
[debug] [2025-03-04T11:15:56.606Z] <<< [apiv2][body] GET https://firebasedatabase.googleapis.com/v1beta/projects/reminder3-65e84/locations/-/instances/reminder3-65e84-default-rtdb {"name":"projects/280162142902/locations/us-central1/instances/reminder3-65e84-default-rtdb","project":"projects/280162142902","databaseUrl":"https://reminder3-65e84-default-rtdb.firebaseio.com","type":"DEFAULT_DATABASE","state":"DISABLED"}
[debug] [2025-03-04T11:15:56.607Z] Checked if tokens are valid: true, expires at: 1741089215647
[debug] [2025-03-04T11:15:56.607Z] Checked if tokens are valid: true, expires at: 1741089215647
[debug] [2025-03-04T11:15:56.607Z] >>> [apiv2][query] PUT https://reminder3-65e84-default-rtdb.firebaseio.com/.settings/rules.json dryRun=true
[debug] [2025-03-04T11:15:56.607Z] >>> [apiv2][body] PUT https://reminder3-65e84-default-rtdb.firebaseio.com/.settings/rules.json "{\n    \"rules\": {\n      \".read\": \"auth != null\",\n      \".write\": \"auth != null\"\n    }\n  }\n  "
[debug] [2025-03-04T11:15:57.065Z] <<< [apiv2][status] PUT https://reminder3-65e84-default-rtdb.firebaseio.com/.settings/rules.json 200
[debug] [2025-03-04T11:15:57.065Z] <<< [apiv2][body] PUT https://reminder3-65e84-default-rtdb.firebaseio.com/.settings/rules.json {"status":"ok"}
[info] ✔  database: rules syntax for database reminder3-65e84-default-rtdb is valid 
[info] i  storage: ensuring required API firebasestorage.googleapis.com is enabled... 
[debug] [2025-03-04T11:15:57.067Z] Checked if tokens are valid: true, expires at: 1741089215647
[debug] [2025-03-04T11:15:57.067Z] Checked if tokens are valid: true, expires at: 1741089215647
[debug] [2025-03-04T11:15:57.067Z] >>> [apiv2][query] GET https://serviceusage.googleapis.com/v1/projects/reminder3-65e84/services/firebasestorage.googleapis.com [none]
[debug] [2025-03-04T11:15:57.067Z] >>> [apiv2][(partial)header] GET https://serviceusage.googleapis.com/v1/projects/reminder3-65e84/services/firebasestorage.googleapis.com x-goog-quota-user=projects/reminder3-65e84
[debug] [2025-03-04T11:15:58.183Z] <<< [apiv2][status] GET https://serviceusage.googleapis.com/v1/projects/reminder3-65e84/services/firebasestorage.googleapis.com 200
[debug] [2025-03-04T11:15:58.183Z] <<< [apiv2][body] GET https://serviceusage.googleapis.com/v1/projects/reminder3-65e84/services/firebasestorage.googleapis.com [omitted]
[info] ✔  storage: required API firebasestorage.googleapis.com is enabled 
[debug] [2025-03-04T11:15:58.184Z] Checked if tokens are valid: true, expires at: 1741089215647
[debug] [2025-03-04T11:15:58.184Z] Checked if tokens are valid: true, expires at: 1741089215647
[debug] [2025-03-04T11:15:58.184Z] >>> [apiv2][query] GET https://firebasestorage.googleapis.com/v1alpha/projects/reminder3-65e84/defaultBucket [none]
[debug] [2025-03-04T11:15:59.097Z] <<< [apiv2][status] GET https://firebasestorage.googleapis.com/v1alpha/projects/reminder3-65e84/defaultBucket 200
[debug] [2025-03-04T11:15:59.097Z] <<< [apiv2][body] GET https://firebasestorage.googleapis.com/v1alpha/projects/reminder3-65e84/defaultBucket {"name":"projects/reminder3-65e84/defaultBucket","location":"US-CENTRAL1","bucket":{"name":"projects/reminder3-65e84/buckets/reminder3-65e84.firebasestorage.app"},"storageClass":"REGIONAL"}
[info] i  firebase.storage: checking storage.rules for compilation errors... 
[debug] [2025-03-04T11:15:59.121Z] Checked if tokens are valid: true, expires at: 1741089215647
[debug] [2025-03-04T11:15:59.121Z] Checked if tokens are valid: true, expires at: 1741089215647
[debug] [2025-03-04T11:15:59.121Z] >>> [apiv2][query] POST https://firebaserules.googleapis.com/v1/projects/reminder3-65e84:test [none]
[debug] [2025-03-04T11:15:59.121Z] >>> [apiv2][body] POST https://firebaserules.googleapis.com/v1/projects/reminder3-65e84:test [omitted]
[debug] [2025-03-04T11:16:00.407Z] <<< [apiv2][status] POST https://firebaserules.googleapis.com/v1/projects/reminder3-65e84:test 200
[debug] [2025-03-04T11:16:00.407Z] <<< [apiv2][body] POST https://firebaserules.googleapis.com/v1/projects/reminder3-65e84:test {"issues":[{"sourcePosition":{"fileName":"storage.rules"},"description":"Ruleset uses old version (version [1]). Please update to the latest version (version [2]).","severity":"WARNING"}]}
[warn] ⚠  [W] undefined:undefined - Ruleset uses old version (version [1]). Please update to the latest version (version [2]). 
[info] ✔  firebase.storage: rules file storage.rules compiled successfully 
[info] i  firestore: reading indexes from firestore.indexes.json... 
[info] i  cloud.firestore: checking firestore.rules for compilation errors... 
[debug] [2025-03-04T11:16:00.433Z] Checked if tokens are valid: true, expires at: 1741089215647
[debug] [2025-03-04T11:16:00.433Z] Checked if tokens are valid: true, expires at: 1741089215647
[debug] [2025-03-04T11:16:00.434Z] >>> [apiv2][query] POST https://firebaserules.googleapis.com/v1/projects/reminder3-65e84:test [none]
[debug] [2025-03-04T11:16:00.434Z] >>> [apiv2][body] POST https://firebaserules.googleapis.com/v1/projects/reminder3-65e84:test [omitted]
[debug] [2025-03-04T11:16:01.561Z] <<< [apiv2][status] POST https://firebaserules.googleapis.com/v1/projects/reminder3-65e84:test 200
[debug] [2025-03-04T11:16:01.561Z] <<< [apiv2][body] POST https://firebaserules.googleapis.com/v1/projects/reminder3-65e84:test {}
[info] ✔  cloud.firestore: rules file firestore.rules compiled successfully 
[debug] [2025-03-04T11:16:01.562Z] Checked if tokens are valid: true, expires at: 1741089215647
[debug] [2025-03-04T11:16:01.562Z] Checked if tokens are valid: true, expires at: 1741089215647
[debug] [2025-03-04T11:16:01.562Z] >>> [apiv2][query] GET https://cloudresourcemanager.googleapis.com/v1/projects/reminder3-65e84 [none]
[debug] [2025-03-04T11:16:02.277Z] <<< [apiv2][status] GET https://cloudresourcemanager.googleapis.com/v1/projects/reminder3-65e84 200
[debug] [2025-03-04T11:16:02.277Z] <<< [apiv2][body] GET https://cloudresourcemanager.googleapis.com/v1/projects/reminder3-65e84 {"projectNumber":"280162142902","projectId":"reminder3-65e84","lifecycleState":"ACTIVE","name":"reminder3","labels":{"firebase":"enabled"},"createTime":"2024-07-22T02:54:43.542715Z"}
[info] i  functions: preparing codebase default for deployment 
[info] i  functions: ensuring required API cloudfunctions.googleapis.com is enabled... 
[debug] [2025-03-04T11:16:02.278Z] Checked if tokens are valid: true, expires at: 1741089215647
[debug] [2025-03-04T11:16:02.279Z] Checked if tokens are valid: true, expires at: 1741089215647
[debug] [2025-03-04T11:16:02.279Z] Checked if tokens are valid: true, expires at: 1741089215647
[debug] [2025-03-04T11:16:02.279Z] Checked if tokens are valid: true, expires at: 1741089215647
[info] i  functions: ensuring required API cloudbuild.googleapis.com is enabled... 
[debug] [2025-03-04T11:16:02.279Z] Checked if tokens are valid: true, expires at: 1741089215647
[debug] [2025-03-04T11:16:02.279Z] Checked if tokens are valid: true, expires at: 1741089215647
[info] i  artifactregistry: ensuring required API artifactregistry.googleapis.com is enabled... 
[debug] [2025-03-04T11:16:02.279Z] Checked if tokens are valid: true, expires at: 1741089215647
[debug] [2025-03-04T11:16:02.280Z] Checked if tokens are valid: true, expires at: 1741089215647
[debug] [2025-03-04T11:16:02.280Z] >>> [apiv2][query] GET https://serviceusage.googleapis.com/v1/projects/reminder3-65e84/services/cloudfunctions.googleapis.com [none]
[debug] [2025-03-04T11:16:02.280Z] >>> [apiv2][(partial)header] GET https://serviceusage.googleapis.com/v1/projects/reminder3-65e84/services/cloudfunctions.googleapis.com x-goog-quota-user=projects/reminder3-65e84
[debug] [2025-03-04T11:16:02.282Z] >>> [apiv2][query] GET https://serviceusage.googleapis.com/v1/projects/reminder3-65e84/services/runtimeconfig.googleapis.com [none]
[debug] [2025-03-04T11:16:02.282Z] >>> [apiv2][(partial)header] GET https://serviceusage.googleapis.com/v1/projects/reminder3-65e84/services/runtimeconfig.googleapis.com x-goog-quota-user=projects/reminder3-65e84
[debug] [2025-03-04T11:16:02.284Z] >>> [apiv2][query] GET https://serviceusage.googleapis.com/v1/projects/reminder3-65e84/services/cloudbuild.googleapis.com [none]
[debug] [2025-03-04T11:16:02.284Z] >>> [apiv2][(partial)header] GET https://serviceusage.googleapis.com/v1/projects/reminder3-65e84/services/cloudbuild.googleapis.com x-goog-quota-user=projects/reminder3-65e84
[debug] [2025-03-04T11:16:02.286Z] >>> [apiv2][query] GET https://serviceusage.googleapis.com/v1/projects/reminder3-65e84/services/artifactregistry.googleapis.com [none]
[debug] [2025-03-04T11:16:02.286Z] >>> [apiv2][(partial)header] GET https://serviceusage.googleapis.com/v1/projects/reminder3-65e84/services/artifactregistry.googleapis.com x-goog-quota-user=projects/reminder3-65e84
[debug] [2025-03-04T11:16:02.716Z] <<< [apiv2][status] GET https://serviceusage.googleapis.com/v1/projects/reminder3-65e84/services/runtimeconfig.googleapis.com 200
[debug] [2025-03-04T11:16:02.716Z] <<< [apiv2][body] GET https://serviceusage.googleapis.com/v1/projects/reminder3-65e84/services/runtimeconfig.googleapis.com [omitted]
[debug] [2025-03-04T11:16:02.723Z] <<< [apiv2][status] GET https://serviceusage.googleapis.com/v1/projects/reminder3-65e84/services/cloudbuild.googleapis.com 200
[debug] [2025-03-04T11:16:02.723Z] <<< [apiv2][body] GET https://serviceusage.googleapis.com/v1/projects/reminder3-65e84/services/cloudbuild.googleapis.com [omitted]
[info] ✔  functions: required API cloudbuild.googleapis.com is enabled 
[debug] [2025-03-04T11:16:03.364Z] <<< [apiv2][status] GET https://serviceusage.googleapis.com/v1/projects/reminder3-65e84/services/cloudfunctions.googleapis.com 200
[debug] [2025-03-04T11:16:03.364Z] <<< [apiv2][body] GET https://serviceusage.googleapis.com/v1/projects/reminder3-65e84/services/cloudfunctions.googleapis.com [omitted]
[info] ✔  functions: required API cloudfunctions.googleapis.com is enabled 
[debug] [2025-03-04T11:16:03.370Z] <<< [apiv2][status] GET https://serviceusage.googleapis.com/v1/projects/reminder3-65e84/services/artifactregistry.googleapis.com 200
[debug] [2025-03-04T11:16:03.370Z] <<< [apiv2][body] GET https://serviceusage.googleapis.com/v1/projects/reminder3-65e84/services/artifactregistry.googleapis.com [omitted]
[info] ✔  artifactregistry: required API artifactregistry.googleapis.com is enabled 
[debug] [2025-03-04T11:16:03.371Z] Checked if tokens are valid: true, expires at: 1741089215647
[debug] [2025-03-04T11:16:03.371Z] Checked if tokens are valid: true, expires at: 1741089215647
[debug] [2025-03-04T11:16:03.371Z] >>> [apiv2][query] GET https://firebase.googleapis.com/v1beta1/projects/reminder3-65e84/adminSdkConfig [none]
[debug] [2025-03-04T11:16:04.122Z] <<< [apiv2][status] GET https://firebase.googleapis.com/v1beta1/projects/reminder3-65e84/adminSdkConfig 200
[debug] [2025-03-04T11:16:04.123Z] <<< [apiv2][body] GET https://firebase.googleapis.com/v1beta1/projects/reminder3-65e84/adminSdkConfig {"projectId":"reminder3-65e84","databaseURL":"https://reminder3-65e84-default-rtdb.firebaseio.com","storageBucket":"reminder3-65e84.firebasestorage.app"}
[debug] [2025-03-04T11:16:04.123Z] Checked if tokens are valid: true, expires at: 1741089215647
[debug] [2025-03-04T11:16:04.123Z] Checked if tokens are valid: true, expires at: 1741089215647
[debug] [2025-03-04T11:16:04.123Z] >>> [apiv2][query] GET https://runtimeconfig.googleapis.com/v1beta1/projects/reminder3-65e84/configs [none]
[debug] [2025-03-04T11:16:05.115Z] <<< [apiv2][status] GET https://runtimeconfig.googleapis.com/v1beta1/projects/reminder3-65e84/configs 200
[debug] [2025-03-04T11:16:05.115Z] <<< [apiv2][body] GET https://runtimeconfig.googleapis.com/v1beta1/projects/reminder3-65e84/configs {}
[debug] [2025-03-04T11:16:05.116Z] Validating nodejs source
[warn] ⚠  functions: Runtime Node.js 18 will be deprecated on 2025-04-30 and will be decommissioned on 2025-10-31, after which you will not be able to deploy without upgrading. Consider upgrading now to avoid disruption. See https://cloud.google.com/functions/docs/runtime-support for full details on the lifecycle policy 
[debug] [2025-03-04T11:16:06.488Z] > [functions] package.json contents: {
  "name": "functions",
  "description": "Cloud Functions for Firebase",
  "scripts": {
    "serve": "firebase emulators:start --only functions",
    "shell": "firebase functions:shell",
    "start": "node index.js",
    "deploy": "firebase deploy --only functions",
    "logs": "firebase functions:log"
  },
  "engines": {
    "node": "20"
  },
  "main": "index.js",
  "dependencies": {
    "cors": "^2.8.5",
    "dotenv": "^16.4.5",
    "express": "^4.21.2",
    "firebase-admin": "^12.6.0",
    "firebase-functions": "^4.0.0"
  },
  "devDependencies": {
    "eslint": "^7.6.0",
    "eslint-config-google": "^0.14.0",
    "eslint-plugin-promise": "^4.2.1"
  }
}
[debug] [2025-03-04T11:16:06.488Z] Building nodejs source
[info] i  functions: Loading and analyzing source code for codebase default to determine what to deploy 
[debug] [2025-03-04T11:16:06.489Z] Could not find functions.yaml. Must use http discovery
[debug] [2025-03-04T11:16:06.501Z] Found firebase-functions binary at '/Users/Tsp33786/Desktop/trial_html/MY_WEB_SIGHT/reminder/functions/node_modules/.bin/firebase-functions'
[info] Serving at port 8782

[info] === DEBUG INFO ===

[info] Current Directory: /Users/Tsp33786/Desktop/trial_html/MY_WEB_SIGHT/reminder/functions

[info] Running in production mode

[info] PORT: 8782

[error] node:events:491
      throw er; // Unhandled 'error' event
      ^

Error: listen EADDRINUSE: address already in use :::8782
    at Server.setupListenHandle [as _listen2] (node:net:1740:16)
    at listenInCluster (node:net:1788:12)
    at Server.listen (node:net:1876:7)
    at Function.listen (/Users/Tsp33786/Desktop/trial_html/MY_WEB_SIGHT/reminder/functions/node_modules/express/lib/application.js:635:24)
    at Object.<anonymous> (/Users/Tsp33786/Desktop/trial_html/MY_WEB_SIGHT/reminder/functions/index.js:123:7)
    at Module._compile (node:internal/modules/cjs/loader:1254:14)
    at Module._extensions..js (node:internal/modules/cjs/loader:1308:10)
    at Module.load (node:internal/modules/cjs/loader:1117:32)
    at Module._load (node:internal/modules/cjs/loader:958:12)
    at Module.require (node:internal/modules/cjs/loader:1141:19)
Emitted 'error' event on Server instance at:
    at emitErrorNT (node:net:1767:8)
    at process.processTicksAndRejections (node:internal/process/task_queues:82:21) {
  code: 'EADDRINUSE',
  errno: -48,
  syscall: 'listen',
  address: '::',
  port: 8782
}

Node.js v18.14.2

[debug] [2025-03-04T11:16:09.101Z] Failed to call quitquitquit. This often means the server failed to start request to http://localhost:8782/__/quitquitquit failed, reason: connect ECONNREFUSED ::1:8782 {"message":"request to http://localhost:8782/__/quitquitquit failed, reason: connect ECONNREFUSED ::1:8782","type":"system","errno":"ECONNREFUSED","code":"ECONNREFUSED"}
[debug] [2025-03-04T11:16:09.102Z] FetchError: request to http://127.0.0.1:8782/__/functions.yaml failed, reason: socket hang up
    at ClientRequest.<anonymous> (/Users/Tsp33786/.nvm/versions/node/v18.14.2/lib/node_modules/firebase-tools/node_modules/node-fetch/lib/index.js:1501:11)
    at ClientRequest.emit (node:events:513:28)
    at ClientRequest.emit (node:domain:489:12)
    at Socket.socketOnEnd (node:_http_client:526:9)
    at Socket.emit (node:events:525:35)
    at Socket.emit (node:domain:489:12)
    at endReadableNT (node:internal/streams/readable:1359:12)
    at process.processTicksAndRejections (node:internal/process/task_queues:82:21)
[error] 
[error] Error: An unexpected error has occurred.
[debug] [2025-03-04T11:18:38.029Z] ----------------------------------------------------------------------
[debug] [2025-03-04T11:18:38.031Z] Command:       /Users/Tsp33786/.nvm/versions/node/v18.14.2/bin/node /Users/Tsp33786/.nvm/versions/node/v18.14.2/bin/firebase deploy
[debug] [2025-03-04T11:18:38.031Z] CLI Version:   13.29.1
[debug] [2025-03-04T11:18:38.032Z] Platform:      darwin
[debug] [2025-03-04T11:18:38.032Z] Node Version:  v18.14.2
[debug] [2025-03-04T11:18:38.033Z] Time:          Tue Mar 04 2025 20:18:38 GMT+0900 (日本標準時)
[debug] [2025-03-04T11:18:38.033Z] ----------------------------------------------------------------------
[debug] 
[debug] [2025-03-04T11:18:38.098Z] > command requires scopes: ["email","openid","https://www.googleapis.com/auth/cloudplatformprojects.readonly","https://www.googleapis.com/auth/firebase","https://www.googleapis.com/auth/cloud-platform"]
[debug] [2025-03-04T11:18:38.099Z] > authorizing via signed-in user (vasto.mar3xc@gmail.com)
[debug] [2025-03-04T11:18:38.099Z] [iam] checking project reminder3-65e84 for permissions ["cloudfunctions.functions.create","cloudfunctions.functions.delete","cloudfunctions.functions.get","cloudfunctions.functions.list","cloudfunctions.functions.update","cloudfunctions.operations.get","datastore.indexes.create","datastore.indexes.delete","datastore.indexes.list","datastore.indexes.update","firebase.projects.get","firebasedatabase.instances.update","firebasehosting.sites.update","firebaserules.releases.create","firebaserules.releases.update","firebaserules.rulesets.create"]
[debug] [2025-03-04T11:18:38.100Z] Checked if tokens are valid: true, expires at: 1741089215647
[debug] [2025-03-04T11:18:38.100Z] Checked if tokens are valid: true, expires at: 1741089215647
[debug] [2025-03-04T11:18:38.101Z] >>> [apiv2][query] POST https://cloudresourcemanager.googleapis.com/v1/projects/reminder3-65e84:testIamPermissions [none]
[debug] [2025-03-04T11:18:38.101Z] >>> [apiv2][(partial)header] POST https://cloudresourcemanager.googleapis.com/v1/projects/reminder3-65e84:testIamPermissions x-goog-quota-user=projects/reminder3-65e84
[debug] [2025-03-04T11:18:38.101Z] >>> [apiv2][body] POST https://cloudresourcemanager.googleapis.com/v1/projects/reminder3-65e84:testIamPermissions {"permissions":["cloudfunctions.functions.create","cloudfunctions.functions.delete","cloudfunctions.functions.get","cloudfunctions.functions.list","cloudfunctions.functions.update","cloudfunctions.operations.get","datastore.indexes.create","datastore.indexes.delete","datastore.indexes.list","datastore.indexes.update","firebase.projects.get","firebasedatabase.instances.update","firebasehosting.sites.update","firebaserules.releases.create","firebaserules.releases.update","firebaserules.rulesets.create"]}
[debug] [2025-03-04T11:18:38.859Z] <<< [apiv2][status] POST https://cloudresourcemanager.googleapis.com/v1/projects/reminder3-65e84:testIamPermissions 200
[debug] [2025-03-04T11:18:38.860Z] <<< [apiv2][body] POST https://cloudresourcemanager.googleapis.com/v1/projects/reminder3-65e84:testIamPermissions {"permissions":["cloudfunctions.functions.create","cloudfunctions.functions.delete","cloudfunctions.functions.get","cloudfunctions.functions.list","cloudfunctions.functions.update","cloudfunctions.operations.get","datastore.indexes.create","datastore.indexes.delete","datastore.indexes.list","datastore.indexes.update","firebase.projects.get","firebasedatabase.instances.update","firebasehosting.sites.update","firebaserules.releases.create","firebaserules.releases.update","firebaserules.rulesets.create"]}
[debug] [2025-03-04T11:18:38.860Z] Checked if tokens are valid: true, expires at: 1741089215647
[debug] [2025-03-04T11:18:38.860Z] Checked if tokens are valid: true, expires at: 1741089215647
[debug] [2025-03-04T11:18:38.860Z] >>> [apiv2][query] POST https://iam.googleapis.com/v1/projects/reminder3-65e84/serviceAccounts/reminder3-65e84@appspot.gserviceaccount.com:testIamPermissions [none]
[debug] [2025-03-04T11:18:38.860Z] >>> [apiv2][body] POST https://iam.googleapis.com/v1/projects/reminder3-65e84/serviceAccounts/reminder3-65e84@appspot.gserviceaccount.com:testIamPermissions {"permissions":["iam.serviceAccounts.actAs"]}
[debug] [2025-03-04T11:18:39.170Z] <<< [apiv2][status] POST https://iam.googleapis.com/v1/projects/reminder3-65e84/serviceAccounts/reminder3-65e84@appspot.gserviceaccount.com:testIamPermissions 200
[debug] [2025-03-04T11:18:39.170Z] <<< [apiv2][body] POST https://iam.googleapis.com/v1/projects/reminder3-65e84/serviceAccounts/reminder3-65e84@appspot.gserviceaccount.com:testIamPermissions {"permissions":["iam.serviceAccounts.actAs"]}
[debug] [2025-03-04T11:18:39.170Z] Checked if tokens are valid: true, expires at: 1741089215647
[debug] [2025-03-04T11:18:39.171Z] Checked if tokens are valid: true, expires at: 1741089215647
[debug] [2025-03-04T11:18:39.171Z] >>> [apiv2][query] GET https://firebase.googleapis.com/v1beta1/projects/reminder3-65e84 [none]
[debug] [2025-03-04T11:18:39.602Z] <<< [apiv2][status] GET https://firebase.googleapis.com/v1beta1/projects/reminder3-65e84 200
[debug] [2025-03-04T11:18:39.602Z] <<< [apiv2][body] GET https://firebase.googleapis.com/v1beta1/projects/reminder3-65e84 {"projectId":"reminder3-65e84","projectNumber":"280162142902","displayName":"reminder3","name":"projects/reminder3-65e84","resources":{"hostingSite":"reminder3-65e84","realtimeDatabaseInstance":"reminder3-65e84-default-rtdb"},"state":"ACTIVE","etag":"1_7bfc62d7-af4c-4058-8ff2-93acbfb99c39"}
[debug] [2025-03-04T11:18:39.602Z] Checked if tokens are valid: true, expires at: 1741089215647
[debug] [2025-03-04T11:18:39.602Z] Checked if tokens are valid: true, expires at: 1741089215647
[debug] [2025-03-04T11:18:39.602Z] >>> [apiv2][query] GET https://firebase.googleapis.com/v1beta1/projects/reminder3-65e84 [none]
[debug] [2025-03-04T11:18:39.949Z] <<< [apiv2][status] GET https://firebase.googleapis.com/v1beta1/projects/reminder3-65e84 200
[debug] [2025-03-04T11:18:39.949Z] <<< [apiv2][body] GET https://firebase.googleapis.com/v1beta1/projects/reminder3-65e84 {"projectId":"reminder3-65e84","projectNumber":"280162142902","displayName":"reminder3","name":"projects/reminder3-65e84","resources":{"hostingSite":"reminder3-65e84","realtimeDatabaseInstance":"reminder3-65e84-default-rtdb"},"state":"ACTIVE","etag":"1_7bfc62d7-af4c-4058-8ff2-93acbfb99c39"}
[info] 
[info] === Deploying to 'reminder3-65e84'...
[info] 
[info] i  deploying database, storage, firestore, functions, hosting 
[info] i  database: checking rules syntax... 
[debug] [2025-03-04T11:18:39.953Z] Checked if tokens are valid: true, expires at: 1741089215647
[debug] [2025-03-04T11:18:39.953Z] Checked if tokens are valid: true, expires at: 1741089215647
[debug] [2025-03-04T11:18:39.953Z] >>> [apiv2][query] GET https://firebasedatabase.googleapis.com/v1beta/projects/reminder3-65e84/locations/-/instances/reminder3-65e84-default-rtdb [none]
[debug] [2025-03-04T11:18:41.062Z] <<< [apiv2][status] GET https://firebasedatabase.googleapis.com/v1beta/projects/reminder3-65e84/locations/-/instances/reminder3-65e84-default-rtdb 200
[debug] [2025-03-04T11:18:41.062Z] <<< [apiv2][body] GET https://firebasedatabase.googleapis.com/v1beta/projects/reminder3-65e84/locations/-/instances/reminder3-65e84-default-rtdb {"name":"projects/280162142902/locations/us-central1/instances/reminder3-65e84-default-rtdb","project":"projects/280162142902","databaseUrl":"https://reminder3-65e84-default-rtdb.firebaseio.com","type":"DEFAULT_DATABASE","state":"DISABLED"}
[debug] [2025-03-04T11:18:41.063Z] Checked if tokens are valid: true, expires at: 1741089215647
[debug] [2025-03-04T11:18:41.063Z] Checked if tokens are valid: true, expires at: 1741089215647
[debug] [2025-03-04T11:18:41.063Z] >>> [apiv2][query] PUT https://reminder3-65e84-default-rtdb.firebaseio.com/.settings/rules.json dryRun=true
[debug] [2025-03-04T11:18:41.063Z] >>> [apiv2][body] PUT https://reminder3-65e84-default-rtdb.firebaseio.com/.settings/rules.json "{\n    \"rules\": {\n      \".read\": \"auth != null\",\n      \".write\": \"auth != null\"\n    }\n  }\n  "
[debug] [2025-03-04T11:18:41.459Z] <<< [apiv2][status] PUT https://reminder3-65e84-default-rtdb.firebaseio.com/.settings/rules.json 200
[debug] [2025-03-04T11:18:41.459Z] <<< [apiv2][body] PUT https://reminder3-65e84-default-rtdb.firebaseio.com/.settings/rules.json {"status":"ok"}
[info] ✔  database: rules syntax for database reminder3-65e84-default-rtdb is valid 
[info] i  storage: ensuring required API firebasestorage.googleapis.com is enabled... 
[debug] [2025-03-04T11:18:41.461Z] Checked if tokens are valid: true, expires at: 1741089215647
[debug] [2025-03-04T11:18:41.461Z] Checked if tokens are valid: true, expires at: 1741089215647
[debug] [2025-03-04T11:18:41.461Z] >>> [apiv2][query] GET https://serviceusage.googleapis.com/v1/projects/reminder3-65e84/services/firebasestorage.googleapis.com [none]
[debug] [2025-03-04T11:18:41.461Z] >>> [apiv2][(partial)header] GET https://serviceusage.googleapis.com/v1/projects/reminder3-65e84/services/firebasestorage.googleapis.com x-goog-quota-user=projects/reminder3-65e84
[debug] [2025-03-04T11:18:42.581Z] <<< [apiv2][status] GET https://serviceusage.googleapis.com/v1/projects/reminder3-65e84/services/firebasestorage.googleapis.com 200
[debug] [2025-03-04T11:18:42.581Z] <<< [apiv2][body] GET https://serviceusage.googleapis.com/v1/projects/reminder3-65e84/services/firebasestorage.googleapis.com [omitted]
[info] ✔  storage: required API firebasestorage.googleapis.com is enabled 
[debug] [2025-03-04T11:18:42.581Z] Checked if tokens are valid: true, expires at: 1741089215647
[debug] [2025-03-04T11:18:42.582Z] Checked if tokens are valid: true, expires at: 1741089215647
[debug] [2025-03-04T11:18:42.582Z] >>> [apiv2][query] GET https://firebasestorage.googleapis.com/v1alpha/projects/reminder3-65e84/defaultBucket [none]
[debug] [2025-03-04T11:18:43.470Z] <<< [apiv2][status] GET https://firebasestorage.googleapis.com/v1alpha/projects/reminder3-65e84/defaultBucket 200
[debug] [2025-03-04T11:18:43.470Z] <<< [apiv2][body] GET https://firebasestorage.googleapis.com/v1alpha/projects/reminder3-65e84/defaultBucket {"name":"projects/reminder3-65e84/defaultBucket","location":"US-CENTRAL1","bucket":{"name":"projects/reminder3-65e84/buckets/reminder3-65e84.firebasestorage.app"},"storageClass":"REGIONAL"}
[info] i  firebase.storage: checking storage.rules for compilation errors... 
[debug] [2025-03-04T11:18:43.471Z] Checked if tokens are valid: true, expires at: 1741089215647
[debug] [2025-03-04T11:18:43.471Z] Checked if tokens are valid: true, expires at: 1741089215647
[debug] [2025-03-04T11:18:43.471Z] >>> [apiv2][query] POST https://firebaserules.googleapis.com/v1/projects/reminder3-65e84:test [none]
[debug] [2025-03-04T11:18:43.471Z] >>> [apiv2][body] POST https://firebaserules.googleapis.com/v1/projects/reminder3-65e84:test [omitted]
[debug] [2025-03-04T11:18:44.603Z] <<< [apiv2][status] POST https://firebaserules.googleapis.com/v1/projects/reminder3-65e84:test 200
[debug] [2025-03-04T11:18:44.603Z] <<< [apiv2][body] POST https://firebaserules.googleapis.com/v1/projects/reminder3-65e84:test {"issues":[{"sourcePosition":{"fileName":"storage.rules"},"description":"Ruleset uses old version (version [1]). Please update to the latest version (version [2]).","severity":"WARNING"}]}
[warn] ⚠  [W] undefined:undefined - Ruleset uses old version (version [1]). Please update to the latest version (version [2]). 
[info] ✔  firebase.storage: rules file storage.rules compiled successfully 
[info] i  firestore: reading indexes from firestore.indexes.json... 
[info] i  cloud.firestore: checking firestore.rules for compilation errors... 
[debug] [2025-03-04T11:18:44.605Z] Checked if tokens are valid: true, expires at: 1741089215647
[debug] [2025-03-04T11:18:44.605Z] Checked if tokens are valid: true, expires at: 1741089215647
[debug] [2025-03-04T11:18:44.605Z] >>> [apiv2][query] POST https://firebaserules.googleapis.com/v1/projects/reminder3-65e84:test [none]
[debug] [2025-03-04T11:18:44.605Z] >>> [apiv2][body] POST https://firebaserules.googleapis.com/v1/projects/reminder3-65e84:test [omitted]
[debug] [2025-03-04T11:18:45.671Z] <<< [apiv2][status] POST https://firebaserules.googleapis.com/v1/projects/reminder3-65e84:test 200
[debug] [2025-03-04T11:18:45.671Z] <<< [apiv2][body] POST https://firebaserules.googleapis.com/v1/projects/reminder3-65e84:test {}
[info] ✔  cloud.firestore: rules file firestore.rules compiled successfully 
[debug] [2025-03-04T11:18:45.672Z] Checked if tokens are valid: true, expires at: 1741089215647
[debug] [2025-03-04T11:18:45.672Z] Checked if tokens are valid: true, expires at: 1741089215647
[debug] [2025-03-04T11:18:45.672Z] >>> [apiv2][query] GET https://cloudresourcemanager.googleapis.com/v1/projects/reminder3-65e84 [none]
[debug] [2025-03-04T11:18:46.386Z] <<< [apiv2][status] GET https://cloudresourcemanager.googleapis.com/v1/projects/reminder3-65e84 200
[debug] [2025-03-04T11:18:46.386Z] <<< [apiv2][body] GET https://cloudresourcemanager.googleapis.com/v1/projects/reminder3-65e84 {"projectNumber":"280162142902","projectId":"reminder3-65e84","lifecycleState":"ACTIVE","name":"reminder3","labels":{"firebase":"enabled"},"createTime":"2024-07-22T02:54:43.542715Z"}
[info] i  functions: preparing codebase default for deployment 
[info] i  functions: ensuring required API cloudfunctions.googleapis.com is enabled... 
[debug] [2025-03-04T11:18:46.387Z] Checked if tokens are valid: true, expires at: 1741089215647
[debug] [2025-03-04T11:18:46.387Z] Checked if tokens are valid: true, expires at: 1741089215647
[debug] [2025-03-04T11:18:46.387Z] Checked if tokens are valid: true, expires at: 1741089215647
[debug] [2025-03-04T11:18:46.387Z] Checked if tokens are valid: true, expires at: 1741089215647
[info] i  functions: ensuring required API cloudbuild.googleapis.com is enabled... 
[debug] [2025-03-04T11:18:46.387Z] Checked if tokens are valid: true, expires at: 1741089215647
[debug] [2025-03-04T11:18:46.387Z] Checked if tokens are valid: true, expires at: 1741089215647
[info] i  artifactregistry: ensuring required API artifactregistry.googleapis.com is enabled... 
[debug] [2025-03-04T11:18:46.388Z] Checked if tokens are valid: true, expires at: 1741089215647
[debug] [2025-03-04T11:18:46.388Z] Checked if tokens are valid: true, expires at: 1741089215647
[debug] [2025-03-04T11:18:46.388Z] >>> [apiv2][query] GET https://serviceusage.googleapis.com/v1/projects/reminder3-65e84/services/cloudfunctions.googleapis.com [none]
[debug] [2025-03-04T11:18:46.388Z] >>> [apiv2][(partial)header] GET https://serviceusage.googleapis.com/v1/projects/reminder3-65e84/services/cloudfunctions.googleapis.com x-goog-quota-user=projects/reminder3-65e84
[debug] [2025-03-04T11:18:46.390Z] >>> [apiv2][query] GET https://serviceusage.googleapis.com/v1/projects/reminder3-65e84/services/runtimeconfig.googleapis.com [none]
[debug] [2025-03-04T11:18:46.390Z] >>> [apiv2][(partial)header] GET https://serviceusage.googleapis.com/v1/projects/reminder3-65e84/services/runtimeconfig.googleapis.com x-goog-quota-user=projects/reminder3-65e84
[debug] [2025-03-04T11:18:46.392Z] >>> [apiv2][query] GET https://serviceusage.googleapis.com/v1/projects/reminder3-65e84/services/cloudbuild.googleapis.com [none]
[debug] [2025-03-04T11:18:46.392Z] >>> [apiv2][(partial)header] GET https://serviceusage.googleapis.com/v1/projects/reminder3-65e84/services/cloudbuild.googleapis.com x-goog-quota-user=projects/reminder3-65e84
[debug] [2025-03-04T11:18:46.394Z] >>> [apiv2][query] GET https://serviceusage.googleapis.com/v1/projects/reminder3-65e84/services/artifactregistry.googleapis.com [none]
[debug] [2025-03-04T11:18:46.394Z] >>> [apiv2][(partial)header] GET https://serviceusage.googleapis.com/v1/projects/reminder3-65e84/services/artifactregistry.googleapis.com x-goog-quota-user=projects/reminder3-65e84
[debug] [2025-03-04T11:18:46.743Z] <<< [apiv2][status] GET https://serviceusage.googleapis.com/v1/projects/reminder3-65e84/services/runtimeconfig.googleapis.com 200
[debug] [2025-03-04T11:18:46.744Z] <<< [apiv2][body] GET https://serviceusage.googleapis.com/v1/projects/reminder3-65e84/services/runtimeconfig.googleapis.com [omitted]
[debug] [2025-03-04T11:18:46.756Z] <<< [apiv2][status] GET https://serviceusage.googleapis.com/v1/projects/reminder3-65e84/services/cloudfunctions.googleapis.com 200
[debug] [2025-03-04T11:18:46.757Z] <<< [apiv2][body] GET https://serviceusage.googleapis.com/v1/projects/reminder3-65e84/services/cloudfunctions.googleapis.com [omitted]
[info] ✔  functions: required API cloudfunctions.googleapis.com is enabled 
[debug] [2025-03-04T11:18:46.758Z] <<< [apiv2][status] GET https://serviceusage.googleapis.com/v1/projects/reminder3-65e84/services/artifactregistry.googleapis.com 200
[debug] [2025-03-04T11:18:46.758Z] <<< [apiv2][body] GET https://serviceusage.googleapis.com/v1/projects/reminder3-65e84/services/artifactregistry.googleapis.com [omitted]
[info] ✔  artifactregistry: required API artifactregistry.googleapis.com is enabled 
[debug] [2025-03-04T11:18:47.468Z] <<< [apiv2][status] GET https://serviceusage.googleapis.com/v1/projects/reminder3-65e84/services/cloudbuild.googleapis.com 200
[debug] [2025-03-04T11:18:47.468Z] <<< [apiv2][body] GET https://serviceusage.googleapis.com/v1/projects/reminder3-65e84/services/cloudbuild.googleapis.com [omitted]
[info] ✔  functions: required API cloudbuild.googleapis.com is enabled 
[debug] [2025-03-04T11:18:47.469Z] Checked if tokens are valid: true, expires at: 1741089215647
[debug] [2025-03-04T11:18:47.469Z] Checked if tokens are valid: true, expires at: 1741089215647
[debug] [2025-03-04T11:18:47.469Z] >>> [apiv2][query] GET https://firebase.googleapis.com/v1beta1/projects/reminder3-65e84/adminSdkConfig [none]
[debug] [2025-03-04T11:18:48.172Z] <<< [apiv2][status] GET https://firebase.googleapis.com/v1beta1/projects/reminder3-65e84/adminSdkConfig 200
[debug] [2025-03-04T11:18:48.172Z] <<< [apiv2][body] GET https://firebase.googleapis.com/v1beta1/projects/reminder3-65e84/adminSdkConfig {"projectId":"reminder3-65e84","databaseURL":"https://reminder3-65e84-default-rtdb.firebaseio.com","storageBucket":"reminder3-65e84.firebasestorage.app"}
[debug] [2025-03-04T11:18:48.173Z] Checked if tokens are valid: true, expires at: 1741089215647
[debug] [2025-03-04T11:18:48.173Z] Checked if tokens are valid: true, expires at: 1741089215647
[debug] [2025-03-04T11:18:48.173Z] >>> [apiv2][query] GET https://runtimeconfig.googleapis.com/v1beta1/projects/reminder3-65e84/configs [none]
[debug] [2025-03-04T11:18:48.698Z] <<< [apiv2][status] GET https://runtimeconfig.googleapis.com/v1beta1/projects/reminder3-65e84/configs 200
[debug] [2025-03-04T11:18:48.698Z] <<< [apiv2][body] GET https://runtimeconfig.googleapis.com/v1beta1/projects/reminder3-65e84/configs {}
[debug] [2025-03-04T11:18:48.699Z] Validating nodejs source
[warn] ⚠  functions: Runtime Node.js 18 will be deprecated on 2025-04-30 and will be decommissioned on 2025-10-31, after which you will not be able to deploy without upgrading. Consider upgrading now to avoid disruption. See https://cloud.google.com/functions/docs/runtime-support for full details on the lifecycle policy 
[debug] [2025-03-04T11:18:49.459Z] > [functions] package.json contents: {
  "name": "functions",
  "description": "Cloud Functions for Firebase",
  "scripts": {
    "serve": "firebase emulators:start --only functions",
    "shell": "firebase functions:shell",
    "start": "node index.js",
    "deploy": "firebase deploy --only functions",
    "logs": "firebase functions:log"
  },
  "engines": {
    "node": "20"
  },
  "main": "index.js",
  "dependencies": {
    "cors": "^2.8.5",
    "dotenv": "^16.4.5",
    "express": "^4.21.2",
    "firebase-admin": "^12.6.0",
    "firebase-functions": "^4.0.0"
  },
  "devDependencies": {
    "eslint": "^7.6.0",
    "eslint-config-google": "^0.14.0",
    "eslint-plugin-promise": "^4.2.1"
  }
}
[debug] [2025-03-04T11:18:49.460Z] Building nodejs source
[info] i  functions: Loading and analyzing source code for codebase default to determine what to deploy 
[debug] [2025-03-04T11:18:49.463Z] Could not find functions.yaml. Must use http discovery
[debug] [2025-03-04T11:18:49.474Z] Found firebase-functions binary at '/Users/Tsp33786/Desktop/trial_html/MY_WEB_SIGHT/reminder/functions/node_modules/.bin/firebase-functions'
[info] Serving at port 8447

[info] === DEBUG INFO ===

[info] Current Directory: /Users/Tsp33786/Desktop/trial_html/MY_WEB_SIGHT/reminder/functions

[info] Running in production mode

[info] PORT: 8447

[error] node:events:491
      throw er; // Unhandled 'error' event
      ^

Error: listen EADDRINUSE: address already in use :::8447
    at Server.setupListenHandle [as _listen2] (node:net:1740:16)
    at listenInCluster (node:net:1788:12)
    at Server.listen (node:net:1876:7)
    at Function.listen (/Users/Tsp33786/Desktop/trial_html/MY_WEB_SIGHT/reminder/functions/node_modules/express/lib/application.js:635:24)
    at Object.<anonymous> (/Users/Tsp33786/Desktop/trial_html/MY_WEB_SIGHT/reminder/functions/index.js:123:7)
    at Module._compile (node:internal/modules/cjs/loader:1254:14)
    at Module._extensions..js (node:internal/modules/cjs/loader:1308:10)
    at Module.load (node:internal/modules/cjs/loader:1117:32)
    at Module._load (node:internal/modules/cjs/loader:958:12)
    at Module.require (node:internal/modules/cjs/loader:1141:19)
Emitted 'error' event on Server instance at:
    at emitErrorNT (node:net:1767:8)
    at process.processTicksAndRejections (node:internal/process/task_queues:82:21) {
  code: 'EADDRINUSE',
  errno: -48,
  syscall: 'listen',
  address: '::',
  port: 8447
}

Node.js v18.14.2

[debug] [2025-03-04T11:18:49.899Z] Failed to call quitquitquit. This often means the server failed to start request to http://localhost:8447/__/quitquitquit failed, reason: connect ECONNREFUSED ::1:8447 {"message":"request to http://localhost:8447/__/quitquitquit failed, reason: connect ECONNREFUSED ::1:8447","type":"system","errno":"ECONNREFUSED","code":"ECONNREFUSED"}
[debug] [2025-03-04T11:18:49.900Z] FetchError: request to http://127.0.0.1:8447/__/functions.yaml failed, reason: socket hang up
    at ClientRequest.<anonymous> (/Users/Tsp33786/.nvm/versions/node/v18.14.2/lib/node_modules/firebase-tools/node_modules/node-fetch/lib/index.js:1501:11)
    at ClientRequest.emit (node:events:513:28)
    at ClientRequest.emit (node:domain:489:12)
    at Socket.socketOnEnd (node:_http_client:526:9)
    at Socket.emit (node:events:525:35)
    at Socket.emit (node:domain:489:12)
    at endReadableNT (node:internal/streams/readable:1359:12)
    at process.processTicksAndRejections (node:internal/process/task_queues:82:21)
[error] 
[error] Error: An unexpected error has occurred.
[debug] [2025-03-04T11:23:53.425Z] ----------------------------------------------------------------------
[debug] [2025-03-04T11:23:53.427Z] Command:       /Users/Tsp33786/.nvm/versions/node/v18.14.2/bin/node /Users/Tsp33786/.nvm/versions/node/v18.14.2/bin/firebase deploy
[debug] [2025-03-04T11:23:53.427Z] CLI Version:   13.29.1
[debug] [2025-03-04T11:23:53.428Z] Platform:      darwin
[debug] [2025-03-04T11:23:53.428Z] Node Version:  v18.14.2
[debug] [2025-03-04T11:23:53.429Z] Time:          Tue Mar 04 2025 20:23:53 GMT+0900 (日本標準時)
[debug] [2025-03-04T11:23:53.429Z] ----------------------------------------------------------------------
[debug] 
[debug] [2025-03-04T11:23:53.496Z] > command requires scopes: ["email","openid","https://www.googleapis.com/auth/cloudplatformprojects.readonly","https://www.googleapis.com/auth/firebase","https://www.googleapis.com/auth/cloud-platform"]
[debug] [2025-03-04T11:23:53.497Z] > authorizing via signed-in user (vasto.mar3xc@gmail.com)
[debug] [2025-03-04T11:23:53.497Z] [iam] checking project reminder3-65e84 for permissions ["cloudfunctions.functions.create","cloudfunctions.functions.delete","cloudfunctions.functions.get","cloudfunctions.functions.list","cloudfunctions.functions.update","cloudfunctions.operations.get","datastore.indexes.create","datastore.indexes.delete","datastore.indexes.list","datastore.indexes.update","firebase.projects.get","firebasedatabase.instances.update","firebasehosting.sites.update","firebaserules.releases.create","firebaserules.releases.update","firebaserules.rulesets.create"]
[debug] [2025-03-04T11:23:53.498Z] Checked if tokens are valid: true, expires at: 1741089215647
[debug] [2025-03-04T11:23:53.498Z] Checked if tokens are valid: true, expires at: 1741089215647
[debug] [2025-03-04T11:23:53.499Z] >>> [apiv2][query] POST https://cloudresourcemanager.googleapis.com/v1/projects/reminder3-65e84:testIamPermissions [none]
[debug] [2025-03-04T11:23:53.499Z] >>> [apiv2][(partial)header] POST https://cloudresourcemanager.googleapis.com/v1/projects/reminder3-65e84:testIamPermissions x-goog-quota-user=projects/reminder3-65e84
[debug] [2025-03-04T11:23:53.500Z] >>> [apiv2][body] POST https://cloudresourcemanager.googleapis.com/v1/projects/reminder3-65e84:testIamPermissions {"permissions":["cloudfunctions.functions.create","cloudfunctions.functions.delete","cloudfunctions.functions.get","cloudfunctions.functions.list","cloudfunctions.functions.update","cloudfunctions.operations.get","datastore.indexes.create","datastore.indexes.delete","datastore.indexes.list","datastore.indexes.update","firebase.projects.get","firebasedatabase.instances.update","firebasehosting.sites.update","firebaserules.releases.create","firebaserules.releases.update","firebaserules.rulesets.create"]}
[debug] [2025-03-04T11:23:54.303Z] <<< [apiv2][status] POST https://cloudresourcemanager.googleapis.com/v1/projects/reminder3-65e84:testIamPermissions 200
[debug] [2025-03-04T11:23:54.303Z] <<< [apiv2][body] POST https://cloudresourcemanager.googleapis.com/v1/projects/reminder3-65e84:testIamPermissions {"permissions":["cloudfunctions.functions.create","cloudfunctions.functions.delete","cloudfunctions.functions.get","cloudfunctions.functions.list","cloudfunctions.functions.update","cloudfunctions.operations.get","datastore.indexes.create","datastore.indexes.delete","datastore.indexes.list","datastore.indexes.update","firebase.projects.get","firebasedatabase.instances.update","firebasehosting.sites.update","firebaserules.releases.create","firebaserules.releases.update","firebaserules.rulesets.create"]}
[debug] [2025-03-04T11:23:54.303Z] Checked if tokens are valid: true, expires at: 1741089215647
[debug] [2025-03-04T11:23:54.304Z] Checked if tokens are valid: true, expires at: 1741089215647
[debug] [2025-03-04T11:23:54.304Z] >>> [apiv2][query] POST https://iam.googleapis.com/v1/projects/reminder3-65e84/serviceAccounts/reminder3-65e84@appspot.gserviceaccount.com:testIamPermissions [none]
[debug] [2025-03-04T11:23:54.304Z] >>> [apiv2][body] POST https://iam.googleapis.com/v1/projects/reminder3-65e84/serviceAccounts/reminder3-65e84@appspot.gserviceaccount.com:testIamPermissions {"permissions":["iam.serviceAccounts.actAs"]}
[debug] [2025-03-04T11:23:54.643Z] <<< [apiv2][status] POST https://iam.googleapis.com/v1/projects/reminder3-65e84/serviceAccounts/reminder3-65e84@appspot.gserviceaccount.com:testIamPermissions 200
[debug] [2025-03-04T11:23:54.643Z] <<< [apiv2][body] POST https://iam.googleapis.com/v1/projects/reminder3-65e84/serviceAccounts/reminder3-65e84@appspot.gserviceaccount.com:testIamPermissions {"permissions":["iam.serviceAccounts.actAs"]}
[debug] [2025-03-04T11:23:54.644Z] Checked if tokens are valid: true, expires at: 1741089215647
[debug] [2025-03-04T11:23:54.644Z] Checked if tokens are valid: true, expires at: 1741089215647
[debug] [2025-03-04T11:23:54.645Z] >>> [apiv2][query] GET https://firebase.googleapis.com/v1beta1/projects/reminder3-65e84 [none]
[debug] [2025-03-04T11:23:55.021Z] <<< [apiv2][status] GET https://firebase.googleapis.com/v1beta1/projects/reminder3-65e84 200
[debug] [2025-03-04T11:23:55.021Z] <<< [apiv2][body] GET https://firebase.googleapis.com/v1beta1/projects/reminder3-65e84 {"projectId":"reminder3-65e84","projectNumber":"280162142902","displayName":"reminder3","name":"projects/reminder3-65e84","resources":{"hostingSite":"reminder3-65e84","realtimeDatabaseInstance":"reminder3-65e84-default-rtdb"},"state":"ACTIVE","etag":"1_7bfc62d7-af4c-4058-8ff2-93acbfb99c39"}
[debug] [2025-03-04T11:23:55.022Z] Checked if tokens are valid: true, expires at: 1741089215647
[debug] [2025-03-04T11:23:55.022Z] Checked if tokens are valid: true, expires at: 1741089215647
[debug] [2025-03-04T11:23:55.022Z] >>> [apiv2][query] GET https://firebase.googleapis.com/v1beta1/projects/reminder3-65e84 [none]
[debug] [2025-03-04T11:23:55.374Z] <<< [apiv2][status] GET https://firebase.googleapis.com/v1beta1/projects/reminder3-65e84 200
[debug] [2025-03-04T11:23:55.374Z] <<< [apiv2][body] GET https://firebase.googleapis.com/v1beta1/projects/reminder3-65e84 {"projectId":"reminder3-65e84","projectNumber":"280162142902","displayName":"reminder3","name":"projects/reminder3-65e84","resources":{"hostingSite":"reminder3-65e84","realtimeDatabaseInstance":"reminder3-65e84-default-rtdb"},"state":"ACTIVE","etag":"1_7bfc62d7-af4c-4058-8ff2-93acbfb99c39"}
[info] 
[info] === Deploying to 'reminder3-65e84'...
[info] 
[info] i  deploying database, storage, firestore, functions, hosting 
[info] i  database: checking rules syntax... 
[debug] [2025-03-04T11:23:55.378Z] Checked if tokens are valid: true, expires at: 1741089215647
[debug] [2025-03-04T11:23:55.378Z] Checked if tokens are valid: true, expires at: 1741089215647
[debug] [2025-03-04T11:23:55.378Z] >>> [apiv2][query] GET https://firebasedatabase.googleapis.com/v1beta/projects/reminder3-65e84/locations/-/instances/reminder3-65e84-default-rtdb [none]
[debug] [2025-03-04T11:23:56.504Z] <<< [apiv2][status] GET https://firebasedatabase.googleapis.com/v1beta/projects/reminder3-65e84/locations/-/instances/reminder3-65e84-default-rtdb 200
[debug] [2025-03-04T11:23:56.504Z] <<< [apiv2][body] GET https://firebasedatabase.googleapis.com/v1beta/projects/reminder3-65e84/locations/-/instances/reminder3-65e84-default-rtdb {"name":"projects/280162142902/locations/us-central1/instances/reminder3-65e84-default-rtdb","project":"projects/280162142902","databaseUrl":"https://reminder3-65e84-default-rtdb.firebaseio.com","type":"DEFAULT_DATABASE","state":"DISABLED"}
[debug] [2025-03-04T11:23:56.505Z] Checked if tokens are valid: true, expires at: 1741089215647
[debug] [2025-03-04T11:23:56.505Z] Checked if tokens are valid: true, expires at: 1741089215647
[debug] [2025-03-04T11:23:56.506Z] >>> [apiv2][query] PUT https://reminder3-65e84-default-rtdb.firebaseio.com/.settings/rules.json dryRun=true
[debug] [2025-03-04T11:23:56.506Z] >>> [apiv2][body] PUT https://reminder3-65e84-default-rtdb.firebaseio.com/.settings/rules.json "{\n    \"rules\": {\n      \".read\": \"auth != null\",\n      \".write\": \"auth != null\"\n    }\n  }\n  "
[debug] [2025-03-04T11:23:56.923Z] <<< [apiv2][status] PUT https://reminder3-65e84-default-rtdb.firebaseio.com/.settings/rules.json 200
[debug] [2025-03-04T11:23:56.923Z] <<< [apiv2][body] PUT https://reminder3-65e84-default-rtdb.firebaseio.com/.settings/rules.json {"status":"ok"}
[info] ✔  database: rules syntax for database reminder3-65e84-default-rtdb is valid 
[info] i  storage: ensuring required API firebasestorage.googleapis.com is enabled... 
[debug] [2025-03-04T11:23:56.924Z] Checked if tokens are valid: true, expires at: 1741089215647
[debug] [2025-03-04T11:23:56.924Z] Checked if tokens are valid: true, expires at: 1741089215647
[debug] [2025-03-04T11:23:56.925Z] >>> [apiv2][query] GET https://serviceusage.googleapis.com/v1/projects/reminder3-65e84/services/firebasestorage.googleapis.com [none]
[debug] [2025-03-04T11:23:56.925Z] >>> [apiv2][(partial)header] GET https://serviceusage.googleapis.com/v1/projects/reminder3-65e84/services/firebasestorage.googleapis.com x-goog-quota-user=projects/reminder3-65e84
[debug] [2025-03-04T11:23:58.010Z] <<< [apiv2][status] GET https://serviceusage.googleapis.com/v1/projects/reminder3-65e84/services/firebasestorage.googleapis.com 200
[debug] [2025-03-04T11:23:58.010Z] <<< [apiv2][body] GET https://serviceusage.googleapis.com/v1/projects/reminder3-65e84/services/firebasestorage.googleapis.com [omitted]
[info] ✔  storage: required API firebasestorage.googleapis.com is enabled 
[debug] [2025-03-04T11:23:58.011Z] Checked if tokens are valid: true, expires at: 1741089215647
[debug] [2025-03-04T11:23:58.011Z] Checked if tokens are valid: true, expires at: 1741089215647
[debug] [2025-03-04T11:23:58.011Z] >>> [apiv2][query] GET https://firebasestorage.googleapis.com/v1alpha/projects/reminder3-65e84/defaultBucket [none]
[debug] [2025-03-04T11:23:58.910Z] <<< [apiv2][status] GET https://firebasestorage.googleapis.com/v1alpha/projects/reminder3-65e84/defaultBucket 200
[debug] [2025-03-04T11:23:58.910Z] <<< [apiv2][body] GET https://firebasestorage.googleapis.com/v1alpha/projects/reminder3-65e84/defaultBucket {"name":"projects/reminder3-65e84/defaultBucket","location":"US-CENTRAL1","bucket":{"name":"projects/reminder3-65e84/buckets/reminder3-65e84.firebasestorage.app"},"storageClass":"REGIONAL"}
[info] i  firebase.storage: checking storage.rules for compilation errors... 
[debug] [2025-03-04T11:23:58.911Z] Checked if tokens are valid: true, expires at: 1741089215647
[debug] [2025-03-04T11:23:58.911Z] Checked if tokens are valid: true, expires at: 1741089215647
[debug] [2025-03-04T11:23:58.911Z] >>> [apiv2][query] POST https://firebaserules.googleapis.com/v1/projects/reminder3-65e84:test [none]
[debug] [2025-03-04T11:23:58.911Z] >>> [apiv2][body] POST https://firebaserules.googleapis.com/v1/projects/reminder3-65e84:test [omitted]
[debug] [2025-03-04T11:24:00.054Z] <<< [apiv2][status] POST https://firebaserules.googleapis.com/v1/projects/reminder3-65e84:test 200
[debug] [2025-03-04T11:24:00.054Z] <<< [apiv2][body] POST https://firebaserules.googleapis.com/v1/projects/reminder3-65e84:test {"issues":[{"sourcePosition":{"fileName":"storage.rules"},"description":"Ruleset uses old version (version [1]). Please update to the latest version (version [2]).","severity":"WARNING"}]}
[warn] ⚠  [W] undefined:undefined - Ruleset uses old version (version [1]). Please update to the latest version (version [2]). 
[info] ✔  firebase.storage: rules file storage.rules compiled successfully 
[info] i  firestore: reading indexes from firestore.indexes.json... 
[info] i  cloud.firestore: checking firestore.rules for compilation errors... 
[debug] [2025-03-04T11:24:00.056Z] Checked if tokens are valid: true, expires at: 1741089215647
[debug] [2025-03-04T11:24:00.056Z] Checked if tokens are valid: true, expires at: 1741089215647
[debug] [2025-03-04T11:24:00.056Z] >>> [apiv2][query] POST https://firebaserules.googleapis.com/v1/projects/reminder3-65e84:test [none]
[debug] [2025-03-04T11:24:00.056Z] >>> [apiv2][body] POST https://firebaserules.googleapis.com/v1/projects/reminder3-65e84:test [omitted]
[debug] [2025-03-04T11:24:01.168Z] <<< [apiv2][status] POST https://firebaserules.googleapis.com/v1/projects/reminder3-65e84:test 200
[debug] [2025-03-04T11:24:01.168Z] <<< [apiv2][body] POST https://firebaserules.googleapis.com/v1/projects/reminder3-65e84:test {}
[info] ✔  cloud.firestore: rules file firestore.rules compiled successfully 
[debug] [2025-03-04T11:24:01.169Z] Checked if tokens are valid: true, expires at: 1741089215647
[debug] [2025-03-04T11:24:01.169Z] Checked if tokens are valid: true, expires at: 1741089215647
[debug] [2025-03-04T11:24:01.169Z] >>> [apiv2][query] GET https://cloudresourcemanager.googleapis.com/v1/projects/reminder3-65e84 [none]
[debug] [2025-03-04T11:24:01.884Z] <<< [apiv2][status] GET https://cloudresourcemanager.googleapis.com/v1/projects/reminder3-65e84 200
[debug] [2025-03-04T11:24:01.884Z] <<< [apiv2][body] GET https://cloudresourcemanager.googleapis.com/v1/projects/reminder3-65e84 {"projectNumber":"280162142902","projectId":"reminder3-65e84","lifecycleState":"ACTIVE","name":"reminder3","labels":{"firebase":"enabled"},"createTime":"2024-07-22T02:54:43.542715Z"}
[info] i  functions: preparing codebase default for deployment 
[info] i  functions: ensuring required API cloudfunctions.googleapis.com is enabled... 
[debug] [2025-03-04T11:24:01.885Z] Checked if tokens are valid: true, expires at: 1741089215647
[debug] [2025-03-04T11:24:01.885Z] Checked if tokens are valid: true, expires at: 1741089215647
[debug] [2025-03-04T11:24:01.885Z] Checked if tokens are valid: true, expires at: 1741089215647
[debug] [2025-03-04T11:24:01.885Z] Checked if tokens are valid: true, expires at: 1741089215647
[info] i  functions: ensuring required API cloudbuild.googleapis.com is enabled... 
[debug] [2025-03-04T11:24:01.885Z] Checked if tokens are valid: true, expires at: 1741089215647
[debug] [2025-03-04T11:24:01.886Z] Checked if tokens are valid: true, expires at: 1741089215647
[info] i  artifactregistry: ensuring required API artifactregistry.googleapis.com is enabled... 
[debug] [2025-03-04T11:24:01.886Z] Checked if tokens are valid: true, expires at: 1741089215647
[debug] [2025-03-04T11:24:01.886Z] Checked if tokens are valid: true, expires at: 1741089215647
[debug] [2025-03-04T11:24:01.886Z] >>> [apiv2][query] GET https://serviceusage.googleapis.com/v1/projects/reminder3-65e84/services/cloudfunctions.googleapis.com [none]
[debug] [2025-03-04T11:24:01.886Z] >>> [apiv2][(partial)header] GET https://serviceusage.googleapis.com/v1/projects/reminder3-65e84/services/cloudfunctions.googleapis.com x-goog-quota-user=projects/reminder3-65e84
[debug] [2025-03-04T11:24:01.888Z] >>> [apiv2][query] GET https://serviceusage.googleapis.com/v1/projects/reminder3-65e84/services/runtimeconfig.googleapis.com [none]
[debug] [2025-03-04T11:24:01.888Z] >>> [apiv2][(partial)header] GET https://serviceusage.googleapis.com/v1/projects/reminder3-65e84/services/runtimeconfig.googleapis.com x-goog-quota-user=projects/reminder3-65e84
[debug] [2025-03-04T11:24:01.890Z] >>> [apiv2][query] GET https://serviceusage.googleapis.com/v1/projects/reminder3-65e84/services/cloudbuild.googleapis.com [none]
[debug] [2025-03-04T11:24:01.890Z] >>> [apiv2][(partial)header] GET https://serviceusage.googleapis.com/v1/projects/reminder3-65e84/services/cloudbuild.googleapis.com x-goog-quota-user=projects/reminder3-65e84
[debug] [2025-03-04T11:24:01.892Z] >>> [apiv2][query] GET https://serviceusage.googleapis.com/v1/projects/reminder3-65e84/services/artifactregistry.googleapis.com [none]
[debug] [2025-03-04T11:24:01.892Z] >>> [apiv2][(partial)header] GET https://serviceusage.googleapis.com/v1/projects/reminder3-65e84/services/artifactregistry.googleapis.com x-goog-quota-user=projects/reminder3-65e84
[debug] [2025-03-04T11:24:02.278Z] <<< [apiv2][status] GET https://serviceusage.googleapis.com/v1/projects/reminder3-65e84/services/cloudbuild.googleapis.com 200
[debug] [2025-03-04T11:24:02.278Z] <<< [apiv2][body] GET https://serviceusage.googleapis.com/v1/projects/reminder3-65e84/services/cloudbuild.googleapis.com [omitted]
[info] ✔  functions: required API cloudbuild.googleapis.com is enabled 
[debug] [2025-03-04T11:24:02.279Z] <<< [apiv2][status] GET https://serviceusage.googleapis.com/v1/projects/reminder3-65e84/services/runtimeconfig.googleapis.com 200
[debug] [2025-03-04T11:24:02.279Z] <<< [apiv2][body] GET https://serviceusage.googleapis.com/v1/projects/reminder3-65e84/services/runtimeconfig.googleapis.com [omitted]
[debug] [2025-03-04T11:24:02.944Z] <<< [apiv2][status] GET https://serviceusage.googleapis.com/v1/projects/reminder3-65e84/services/cloudfunctions.googleapis.com 200
[debug] [2025-03-04T11:24:02.945Z] <<< [apiv2][body] GET https://serviceusage.googleapis.com/v1/projects/reminder3-65e84/services/cloudfunctions.googleapis.com [omitted]
[info] ✔  functions: required API cloudfunctions.googleapis.com is enabled 
[debug] [2025-03-04T11:24:02.951Z] <<< [apiv2][status] GET https://serviceusage.googleapis.com/v1/projects/reminder3-65e84/services/artifactregistry.googleapis.com 200
[debug] [2025-03-04T11:24:02.951Z] <<< [apiv2][body] GET https://serviceusage.googleapis.com/v1/projects/reminder3-65e84/services/artifactregistry.googleapis.com [omitted]
[info] ✔  artifactregistry: required API artifactregistry.googleapis.com is enabled 
[debug] [2025-03-04T11:24:02.951Z] Checked if tokens are valid: true, expires at: 1741089215647
[debug] [2025-03-04T11:24:02.951Z] Checked if tokens are valid: true, expires at: 1741089215647
[debug] [2025-03-04T11:24:02.951Z] >>> [apiv2][query] GET https://firebase.googleapis.com/v1beta1/projects/reminder3-65e84/adminSdkConfig [none]
[debug] [2025-03-04T11:24:03.655Z] <<< [apiv2][status] GET https://firebase.googleapis.com/v1beta1/projects/reminder3-65e84/adminSdkConfig 200
[debug] [2025-03-04T11:24:03.656Z] <<< [apiv2][body] GET https://firebase.googleapis.com/v1beta1/projects/reminder3-65e84/adminSdkConfig {"projectId":"reminder3-65e84","databaseURL":"https://reminder3-65e84-default-rtdb.firebaseio.com","storageBucket":"reminder3-65e84.firebasestorage.app"}
[debug] [2025-03-04T11:24:03.656Z] Checked if tokens are valid: true, expires at: 1741089215647
[debug] [2025-03-04T11:24:03.656Z] Checked if tokens are valid: true, expires at: 1741089215647
[debug] [2025-03-04T11:24:03.656Z] >>> [apiv2][query] GET https://runtimeconfig.googleapis.com/v1beta1/projects/reminder3-65e84/configs [none]
[debug] [2025-03-04T11:24:04.088Z] <<< [apiv2][status] GET https://runtimeconfig.googleapis.com/v1beta1/projects/reminder3-65e84/configs 200
[debug] [2025-03-04T11:24:04.089Z] <<< [apiv2][body] GET https://runtimeconfig.googleapis.com/v1beta1/projects/reminder3-65e84/configs {}
[debug] [2025-03-04T11:24:04.090Z] Validating nodejs source
[warn] ⚠  functions: Runtime Node.js 18 will be deprecated on 2025-04-30 and will be decommissioned on 2025-10-31, after which you will not be able to deploy without upgrading. Consider upgrading now to avoid disruption. See https://cloud.google.com/functions/docs/runtime-support for full details on the lifecycle policy 
[debug] [2025-03-04T11:24:04.821Z] > [functions] package.json contents: {
  "name": "functions",
  "description": "Cloud Functions for Firebase",
  "scripts": {
    "serve": "firebase emulators:start --only functions",
    "shell": "firebase functions:shell",
    "start": "node index.js",
    "deploy": "firebase deploy --only functions",
    "logs": "firebase functions:log"
  },
  "engines": {
    "node": "20"
  },
  "main": "index.js",
  "dependencies": {
    "cors": "^2.8.5",
    "dotenv": "^16.4.5",
    "express": "^4.21.2",
    "firebase-admin": "^12.6.0",
    "firebase-functions": "^4.0.0"
  },
  "devDependencies": {
    "eslint": "^7.6.0",
    "eslint-config-google": "^0.14.0",
    "eslint-plugin-promise": "^4.2.1"
  }
}
[debug] [2025-03-04T11:24:04.821Z] Building nodejs source
[info] i  functions: Loading and analyzing source code for codebase default to determine what to deploy 
[debug] [2025-03-04T11:24:04.822Z] Could not find functions.yaml. Must use http discovery
[debug] [2025-03-04T11:24:04.834Z] Found firebase-functions binary at '/Users/Tsp33786/Desktop/trial_html/MY_WEB_SIGHT/reminder/functions/node_modules/.bin/firebase-functions'
[info] Serving at port 8501

[info] === DEBUG INFO ===

[info] Current Directory: /Users/Tsp33786/Desktop/trial_html/MY_WEB_SIGHT/reminder/functions

[info] Running in production mode

[info] PORT: 8501

[error] node:events:491
      throw er; // Unhandled 'error' event
      ^

Error: listen EADDRINUSE: address already in use :::8501
    at Server.setupListenHandle [as _listen2] (node:net:1740:16)
    at listenInCluster (node:net:1788:12)
    at Server.listen (node:net:1876:7)
    at Function.listen (/Users/Tsp33786/Desktop/trial_html/MY_WEB_SIGHT/reminder/functions/node_modules/express/lib/application.js:635:24)
    at Object.<anonymous> (/Users/Tsp33786/Desktop/trial_html/MY_WEB_SIGHT/reminder/functions/index.js:123:7)
    at Module._compile (node:internal/modules/cjs/loader:1254:14)
    at Module._extensions..js (node:internal/modules/cjs/loader:1308:10)
    at Module.load (node:internal/modules/cjs/loader:1117:32)
    at Module._load (node:internal/modules/cjs/loader:958:12)
    at Module.require (node:internal/modules/cjs/loader:1141:19)
Emitted 'error' event on Server instance at:
    at emitErrorNT (node:net:1767:8)
    at process.processTicksAndRejections (node:internal/process/task_queues:82:21) {
  code: 'EADDRINUSE',
  errno: -48,
  syscall: 'listen',
  address: '::',
  port: 8501
}

Node.js v18.14.2

[debug] [2025-03-04T11:24:05.269Z] Failed to call quitquitquit. This often means the server failed to start request to http://localhost:8501/__/quitquitquit failed, reason: connect ECONNREFUSED ::1:8501 {"message":"request to http://localhost:8501/__/quitquitquit failed, reason: connect ECONNREFUSED ::1:8501","type":"system","errno":"ECONNREFUSED","code":"ECONNREFUSED"}
[debug] [2025-03-04T11:24:05.271Z] FetchError: request to http://127.0.0.1:8501/__/functions.yaml failed, reason: socket hang up
    at ClientRequest.<anonymous> (/Users/Tsp33786/.nvm/versions/node/v18.14.2/lib/node_modules/firebase-tools/node_modules/node-fetch/lib/index.js:1501:11)
    at ClientRequest.emit (node:events:513:28)
    at ClientRequest.emit (node:domain:489:12)
    at Socket.socketOnEnd (node:_http_client:526:9)
    at Socket.emit (node:events:525:35)
    at Socket.emit (node:domain:489:12)
    at endReadableNT (node:internal/streams/readable:1359:12)
    at process.processTicksAndRejections (node:internal/process/task_queues:82:21)
[error] 
[error] Error: An unexpected error has occurred.
